c:\st\stm32cubeide_1.10.1\stm32cubeide\plugins\com.st.stm32cube.ide.mcu.externaltools.gnu-tools-for-stm32.10.3-2021.10.win32_1.0.0.202111181127\tools\bin\../lib/gcc/arm-none-eabi/10.3.1/../../../../arm-none-eabi/include/c++/10.3.1/arm-none-eabi/thumb/v7e-m+fp/hard/bits/gthr-default.h:229:1:int __gthread_key_delete(__gthread_key_t)	16	static
../Middlewares/Third_Party/EdgeImpulse_accelome_MachineLearning/edgeimpulse/tflite-model/trained_model_compiled.cpp:224:15:void* {anonymous}::AllocatePersistentBuffer(TfLiteContext*, size_t)	24	static
../Middlewares/Third_Party/EdgeImpulse_accelome_MachineLearning/edgeimpulse/tflite-model/trained_model_compiled.cpp:259:21:TfLiteStatus {anonymous}::RequestScratchBufferInArena(TfLiteContext*, size_t, int*)	32	static
../Middlewares/Third_Party/EdgeImpulse_accelome_MachineLearning/edgeimpulse/tflite-model/trained_model_compiled.cpp:285:14:void* {anonymous}::GetScratchBuffer(TfLiteContext*, int)	16	static
../Middlewares/Third_Party/EdgeImpulse_accelome_MachineLearning/edgeimpulse/tflite-model/trained_model_compiled.cpp:292:22:TfLiteTensor* {anonymous}::GetTensor(const TfLiteContext*, int)	16	static
../Middlewares/Third_Party/EdgeImpulse_accelome_MachineLearning/edgeimpulse/tflite-model/trained_model_compiled.cpp:297:26:TfLiteEvalTensor* {anonymous}::GetEvalTensor(const TfLiteContext*, int)	16	static
../Middlewares/Third_Party/EdgeImpulse_accelome_MachineLearning/edgeimpulse/tflite-model/trained_model_compiled.cpp:304:14:TfLiteStatus trained_model_init(void* (*)(size_t, size_t))	88	static
../Middlewares/Third_Party/EdgeImpulse_accelome_MachineLearning/edgeimpulse/tflite-model/trained_model_compiled.cpp:396:15:TfLiteTensor* trained_model_input(int)	16	static
../Middlewares/Third_Party/EdgeImpulse_accelome_MachineLearning/edgeimpulse/tflite-model/trained_model_compiled.cpp:403:15:TfLiteTensor* trained_model_output(int)	16	static
../Middlewares/Third_Party/EdgeImpulse_accelome_MachineLearning/edgeimpulse/tflite-model/trained_model_compiled.cpp:407:14:TfLiteStatus trained_model_invoke()	24	static
../Middlewares/Third_Party/EdgeImpulse_accelome_MachineLearning/edgeimpulse/tflite-model/trained_model_compiled.cpp:477:14:TfLiteStatus trained_model_reset(void (*)(void*))	24	static
../Middlewares/Third_Party/EdgeImpulse_accelome_MachineLearning/edgeimpulse/tflite-model/trained_model_compiled.cpp:491:1:void __static_initialization_and_destruction_0(int, int)	16	static
../Middlewares/Third_Party/EdgeImpulse_accelome_MachineLearning/edgeimpulse/tflite-model/trained_model_compiled.cpp:491:1:cpp)	8	static
